// Jest Snapshot v1, https://goo.gl/fbAQLP

exports[`Render default - value[0] 1`] = `
.emotion-0 {
  margin-bottom: 0;
}

.emotion-1 {
  white-space: normal;
  margin-bottom: 8px;
}

.emotion-2 {
  height: -webkit-fit-content!important;
  height: -moz-fit-content!important;
  height: fit-content!important;
  min-height: 32px;
}

<div
  class="ant-row ant-form-item emotion-0"
  id="default"
>
  <div
    class="ant-col ant-form-item-label ant-form-item-label-left emotion-1 ant-col-xs-24 ant-col-sm-24"
  >
    <label
      class="emotion-2"
      for="default_input"
      title="default"
    >
      <span
        class="emotion-3"
      >
        default
      </span>
    </label>
  </div>
  <div
    class="ant-col ant-form-item-control ant-col-xs-24 ant-col-sm-24"
  >
    <div
      class="ant-form-item-control-input"
    >
      <div
        class="ant-form-item-control-input-content"
      >
        <input
          class="ant-input emotion-3"
          id="default_input"
          type="text"
          value=""
        />
      </div>
    </div>
  </div>
</div>
`;

exports[`Render properties.allowClear: false - value[0] 1`] = `
.emotion-0 {
  margin-bottom: 0;
}

.emotion-1 {
  white-space: normal;
  margin-bottom: 8px;
}

.emotion-2 {
  height: -webkit-fit-content!important;
  height: -moz-fit-content!important;
  height: fit-content!important;
  min-height: 32px;
}

<div
  class="ant-row ant-form-item emotion-0"
  id="properties.allowClear: false"
>
  <div
    class="ant-col ant-form-item-label ant-form-item-label-left emotion-1 ant-col-xs-24 ant-col-sm-24"
  >
    <label
      class="emotion-2"
      for="properties.allowClear: false_input"
      title="properties.allowClear: false"
    >
      <span
        class="emotion-3"
      >
        properties.allowClear: false
      </span>
    </label>
  </div>
  <div
    class="ant-col ant-form-item-control ant-col-xs-24 ant-col-sm-24"
  >
    <div
      class="ant-form-item-control-input"
    >
      <div
        class="ant-form-item-control-input-content"
      >
        <input
          class="ant-input emotion-3"
          id="properties.allowClear: false_input"
          type="text"
          value=""
        />
      </div>
    </div>
  </div>
</div>
`;

exports[`Render properties.autoFocus: true - value[0] 1`] = `
.emotion-0 {
  margin-bottom: 0;
}

.emotion-1 {
  white-space: normal;
  margin-bottom: 8px;
}

.emotion-2 {
  height: -webkit-fit-content!important;
  height: -moz-fit-content!important;
  height: fit-content!important;
  min-height: 32px;
}

<div
  class="ant-row ant-form-item emotion-0"
  id="properties.autoFocus: true"
>
  <div
    class="ant-col ant-form-item-label ant-form-item-label-left emotion-1 ant-col-xs-24 ant-col-sm-24"
  >
    <label
      class="emotion-2"
      for="properties.autoFocus: true_input"
      title="properties.autoFocus: true"
    >
      <span
        class="emotion-3"
      >
        properties.autoFocus: true
      </span>
    </label>
  </div>
  <div
    class="ant-col ant-form-item-control ant-col-xs-24 ant-col-sm-24"
  >
    <div
      class="ant-form-item-control-input"
    >
      <div
        class="ant-form-item-control-input-content"
      >
        <input
          class="ant-input emotion-3"
          id="properties.autoFocus: true_input"
          type="text"
          value=""
        />
      </div>
    </div>
  </div>
</div>
`;

exports[`Render properties.bordered: false - value[0] 1`] = `
.emotion-0 {
  margin-bottom: 0;
}

.emotion-1 {
  white-space: normal;
  margin-bottom: 8px;
}

.emotion-2 {
  height: -webkit-fit-content!important;
  height: -moz-fit-content!important;
  height: fit-content!important;
  min-height: 32px;
}

<div
  class="ant-row ant-form-item emotion-0"
  id="properties.bordered: false"
>
  <div
    class="ant-col ant-form-item-label ant-form-item-label-left emotion-1 ant-col-xs-24 ant-col-sm-24"
  >
    <label
      class="emotion-2"
      for="properties.bordered: false_input"
      title="properties.bordered: false"
    >
      <span
        class="emotion-3"
      >
        properties.bordered: false
      </span>
    </label>
  </div>
  <div
    class="ant-col ant-form-item-control ant-col-xs-24 ant-col-sm-24"
  >
    <div
      class="ant-form-item-control-input"
    >
      <div
        class="ant-form-item-control-input-content"
      >
        <input
          class="ant-input ant-input-borderless emotion-3"
          id="properties.bordered: false_input"
          type="text"
          value=""
        />
      </div>
    </div>
  </div>
</div>
`;

exports[`Render properties.disabled: true - value[0] 1`] = `
.emotion-0 {
  margin-bottom: 0;
}

.emotion-1 {
  white-space: normal;
  margin-bottom: 8px;
}

.emotion-2 {
  height: -webkit-fit-content!important;
  height: -moz-fit-content!important;
  height: fit-content!important;
  min-height: 32px;
}

<div
  class="ant-row ant-form-item emotion-0"
  id="properties.disabled: true"
>
  <div
    class="ant-col ant-form-item-label ant-form-item-label-left emotion-1 ant-col-xs-24 ant-col-sm-24"
  >
    <label
      class="emotion-2"
      for="properties.disabled: true_input"
      title="properties.disabled: true"
    >
      <span
        class="emotion-3"
      >
        properties.disabled: true
      </span>
    </label>
  </div>
  <div
    class="ant-col ant-form-item-control ant-col-xs-24 ant-col-sm-24"
  >
    <div
      class="ant-form-item-control-input"
    >
      <div
        class="ant-form-item-control-input-content"
      >
        <input
          class="ant-input ant-input-disabled emotion-3"
          disabled=""
          id="properties.disabled: true_input"
          type="text"
          value=""
        />
      </div>
    </div>
  </div>
</div>
`;

exports[`Render properties.label align: right - value[0] 1`] = `
.emotion-0 {
  margin-bottom: 0;
}

.emotion-1 {
  white-space: normal;
  margin-bottom: 8px;
}

.emotion-2 {
  height: -webkit-fit-content!important;
  height: -moz-fit-content!important;
  height: fit-content!important;
  min-height: 32px;
}

<div
  class="ant-row ant-form-item emotion-0"
  id="properties.label align: right"
>
  <div
    class="ant-col ant-form-item-label emotion-1 ant-col-xs-24 ant-col-sm-24"
  >
    <label
      class="emotion-2"
      for="properties.label align: right_input"
      title="properties.label align: right"
    >
      <span
        class="emotion-3"
      >
        properties.label align: right
      </span>
    </label>
  </div>
  <div
    class="ant-col ant-form-item-control ant-col-xs-24 ant-col-sm-24"
  >
    <div
      class="ant-form-item-control-input"
    >
      <div
        class="ant-form-item-control-input-content"
      >
        <input
          class="ant-input emotion-3"
          id="properties.label align: right_input"
          type="text"
          value=""
        />
      </div>
    </div>
  </div>
</div>
`;

exports[`Render properties.label colon: false - value[0] 1`] = `
.emotion-0 {
  margin-bottom: 0;
}

.emotion-1 {
  white-space: normal;
  margin-bottom: 8px;
}

.emotion-2 {
  height: -webkit-fit-content!important;
  height: -moz-fit-content!important;
  height: fit-content!important;
  min-height: 32px;
}

<div
  class="ant-row ant-form-item emotion-0"
  id="properties.label colon: false"
>
  <div
    class="ant-col ant-form-item-label ant-form-item-label-left emotion-1 ant-col-xs-24 ant-col-sm-24"
  >
    <label
      class="ant-form-item-no-colon emotion-2"
      for="properties.label colon: false_input"
      title="properties.label colon: false"
    >
      <span
        class="emotion-3"
      >
        properties.label colon: false
      </span>
    </label>
  </div>
  <div
    class="ant-col ant-form-item-control ant-col-xs-24 ant-col-sm-24"
  >
    <div
      class="ant-form-item-control-input"
    >
      <div
        class="ant-form-item-control-input-content"
      >
        <input
          class="ant-input emotion-3"
          id="properties.label colon: false_input"
          type="text"
          value=""
        />
      </div>
    </div>
  </div>
</div>
`;

exports[`Render properties.label disabled: true - value[0] 1`] = `
.emotion-0 {
  margin-bottom: 0;
}

<div
  class="ant-row ant-form-item emotion-0"
  id="properties.label disabled: true"
>
  <div
    class="ant-col ant-form-item-control ant-col-xs-24 ant-col-sm-24"
  >
    <div
      class="ant-form-item-control-input"
    >
      <div
        class="ant-form-item-control-input-content"
      >
        <input
          class="ant-input emotion-1"
          id="properties.label disabled: true_input"
          type="text"
          value=""
        />
      </div>
    </div>
  </div>
</div>
`;

exports[`Render properties.label extra: showing extra - value[0] 1`] = `
.emotion-0 {
  margin-bottom: 0;
}

.emotion-1 {
  white-space: normal;
  margin-bottom: 8px;
}

.emotion-2 {
  height: -webkit-fit-content!important;
  height: -moz-fit-content!important;
  height: fit-content!important;
  min-height: 32px;
}

.emotion-5 {
  margin-top: 0;
}

<div
  class="ant-row ant-form-item emotion-0"
  id="properties.label extra: showing extra"
>
  <div
    class="ant-col ant-form-item-label ant-form-item-label-left emotion-1 ant-col-xs-24 ant-col-sm-24"
  >
    <label
      class="emotion-2"
      for="properties.label extra: showing extra_input"
      title="properties.label extra: showing extra"
    >
      <span
        class="emotion-3"
      >
        properties.label extra: showing extra
      </span>
    </label>
  </div>
  <div
    class="ant-col ant-form-item-control ant-col-xs-24 ant-col-sm-24"
  >
    <div
      class="ant-form-item-control-input"
    >
      <div
        class="ant-form-item-control-input-content"
      >
        <input
          class="ant-input emotion-3"
          id="properties.label extra: showing extra_input"
          type="text"
          value=""
        />
      </div>
    </div>
    <div
      class="ant-form-item-explain ant-form-item-extra emotion-5"
    >
      <span
        class="emotion-3"
      >
        showing extra
      </span>
    </div>
  </div>
</div>
`;

exports[`Render properties.label inline: true - value[0] 1`] = `
.emotion-0 {
  -webkit-box-flex-wrap: inherit;
  -webkit-flex-wrap: inherit;
  -ms-flex-wrap: inherit;
  flex-wrap: inherit;
  margin-bottom: 0;
}

.emotion-1 {
  overflow: inherit;
  margin-bottom: 8px;
}

.emotion-2 {
  height: -webkit-fit-content!important;
  height: -moz-fit-content!important;
  height: fit-content!important;
  min-height: 32px;
}

<div
  class="ant-row ant-form-item emotion-0"
  id="properties.label inline: true"
>
  <div
    class="ant-col ant-form-item-label ant-form-item-label-left emotion-1"
    style="flex: 0 1 auto;"
  >
    <label
      class="emotion-2"
      for="properties.label inline: true_input"
      title="properties.label inline: true"
    >
      <span
        class="emotion-3"
      >
        properties.label inline: true
      </span>
    </label>
  </div>
  <div
    class="ant-col ant-form-item-control"
    style="flex: 1 1 auto;"
  >
    <div
      class="ant-form-item-control-input"
    >
      <div
        class="ant-form-item-control-input-content"
      >
        <input
          class="ant-input emotion-3"
          id="properties.label inline: true_input"
          type="text"
          value=""
        />
      </div>
    </div>
  </div>
</div>
`;

exports[`Render properties.label span: 12 - value[0] 1`] = `
.emotion-0 {
  margin-bottom: 0;
}

.emotion-1 {
  white-space: normal;
  margin-bottom: 8px;
}

.emotion-2 {
  height: -webkit-fit-content!important;
  height: -moz-fit-content!important;
  height: fit-content!important;
  min-height: 32px;
}

<div
  class="ant-row ant-form-item emotion-0"
  id="properties.label span: 12"
>
  <div
    class="ant-col ant-form-item-label ant-form-item-label-left emotion-1 ant-col-xs-24 ant-col-sm-24 ant-col-md-12"
  >
    <label
      class="emotion-2"
      for="properties.label span: 12_input"
      title="properties.label span: 12"
    >
      <span
        class="emotion-3"
      >
        properties.label span: 12
      </span>
    </label>
  </div>
  <div
    class="ant-col ant-form-item-control ant-col-xs-24 ant-col-sm-24 ant-col-md-12"
  >
    <div
      class="ant-form-item-control-input"
    >
      <div
        class="ant-form-item-control-input-content"
      >
        <input
          class="ant-input emotion-3"
          id="properties.label span: 12_input"
          type="text"
          value=""
        />
      </div>
    </div>
  </div>
</div>
`;

exports[`Render properties.maxLength: 4 - value[0] 1`] = `
.emotion-0 {
  margin-bottom: 0;
}

.emotion-1 {
  white-space: normal;
  margin-bottom: 8px;
}

.emotion-2 {
  height: -webkit-fit-content!important;
  height: -moz-fit-content!important;
  height: fit-content!important;
  min-height: 32px;
}

<div
  class="ant-row ant-form-item emotion-0"
  id="properties.maxLength: 4"
>
  <div
    class="ant-col ant-form-item-label ant-form-item-label-left emotion-1 ant-col-xs-24 ant-col-sm-24"
  >
    <label
      class="emotion-2"
      for="properties.maxLength: 4_input"
      title="properties.maxLength: 4"
    >
      <span
        class="emotion-3"
      >
        properties.maxLength: 4
      </span>
    </label>
  </div>
  <div
    class="ant-col ant-form-item-control ant-col-xs-24 ant-col-sm-24"
  >
    <div
      class="ant-form-item-control-input"
    >
      <div
        class="ant-form-item-control-input-content"
      >
        <input
          class="ant-input emotion-3"
          id="properties.maxLength: 4_input"
          maxlength="4"
          type="text"
          value=""
        />
      </div>
    </div>
  </div>
</div>
`;

exports[`Render properties.placeholder: Type your text here - value[0] 1`] = `
.emotion-0 {
  margin-bottom: 0;
}

.emotion-1 {
  white-space: normal;
  margin-bottom: 8px;
}

.emotion-2 {
  height: -webkit-fit-content!important;
  height: -moz-fit-content!important;
  height: fit-content!important;
  min-height: 32px;
}

<div
  class="ant-row ant-form-item emotion-0"
  id="properties.placeholder: Type your text here"
>
  <div
    class="ant-col ant-form-item-label ant-form-item-label-left emotion-1 ant-col-xs-24 ant-col-sm-24"
  >
    <label
      class="emotion-2"
      for="properties.placeholder: Type your text here_input"
      title="properties.placeholder: Type your text here"
    >
      <span
        class="emotion-3"
      >
        properties.placeholder: Type your text here
      </span>
    </label>
  </div>
  <div
    class="ant-col ant-form-item-control ant-col-xs-24 ant-col-sm-24"
  >
    <div
      class="ant-form-item-control-input"
    >
      <div
        class="ant-form-item-control-input-content"
      >
        <input
          class="ant-input emotion-3"
          id="properties.placeholder: Type your text here_input"
          placeholder="Type your text here"
          type="text"
          value=""
        />
      </div>
    </div>
  </div>
</div>
`;

exports[`Render properties.prefix: Prefix to the text - value[0] 1`] = `
.emotion-0 {
  margin-bottom: 0;
}

.emotion-1 {
  white-space: normal;
  margin-bottom: 8px;
}

.emotion-2 {
  height: -webkit-fit-content!important;
  height: -moz-fit-content!important;
  height: fit-content!important;
  min-height: 32px;
}

<div
  class="ant-row ant-form-item emotion-0"
  id="properties.prefix: Prefix to the text"
>
  <div
    class="ant-col ant-form-item-label ant-form-item-label-left emotion-1 ant-col-xs-24 ant-col-sm-24"
  >
    <label
      class="emotion-2"
      for="properties.prefix: Prefix to the text_input"
      title="properties.prefix: Prefix to the text"
    >
      <span
        class="emotion-3"
      >
        properties.prefix: Prefix to the text
      </span>
    </label>
  </div>
  <div
    class="ant-col ant-form-item-control ant-col-xs-24 ant-col-sm-24"
  >
    <div
      class="ant-form-item-control-input"
    >
      <div
        class="ant-form-item-control-input-content"
      >
        <span
          class="ant-input-affix-wrapper emotion-3"
        >
          <span
            class="ant-input-prefix"
          >
            Prefix to the text
          </span>
          <input
            class="ant-input"
            id="properties.prefix: Prefix to the text_input"
            type="text"
            value=""
          />
        </span>
      </div>
    </div>
  </div>
</div>
`;

exports[`Render properties.prefixIcon.size: 24 - value[0] 1`] = `
.emotion-0 {
  margin-bottom: 0;
}

.emotion-1 {
  white-space: normal;
  margin-bottom: 8px;
}

.emotion-2 {
  height: -webkit-fit-content!important;
  height: -moz-fit-content!important;
  height: fit-content!important;
  min-height: 32px;
}

<div
  class="ant-row ant-form-item emotion-0"
  id="properties.prefixIcon.size: 24"
>
  <div
    class="ant-col ant-form-item-label ant-form-item-label-left emotion-1 ant-col-xs-24 ant-col-sm-24"
  >
    <label
      class="emotion-2"
      for="properties.prefixIcon.size: 24_input"
      title="properties.prefixIcon.size: 24"
    >
      <span
        class="emotion-3"
      >
        properties.prefixIcon.size: 24
      </span>
    </label>
  </div>
  <div
    class="ant-col ant-form-item-control ant-col-xs-24 ant-col-sm-24"
  >
    <div
      class="ant-form-item-control-input"
    >
      <div
        class="ant-form-item-control-input-content"
      >
        <span
          class="ant-input-affix-wrapper emotion-3"
        >
          <span
            class="ant-input-prefix"
          >
            <svg
              class="emotion-3"
              data-testid="AiOutlineExclamationCircle"
              id="properties.prefixIcon.size: 24_prefixIcon"
              size="24"
            />
          </span>
          <input
            class="ant-input"
            id="properties.prefixIcon.size: 24_input"
            type="text"
            value=""
          />
        </span>
      </div>
    </div>
  </div>
</div>
`;

exports[`Render properties.prefixIcon: AccountBookFilled - value[0] 1`] = `
.emotion-0 {
  margin-bottom: 0;
}

.emotion-1 {
  white-space: normal;
  margin-bottom: 8px;
}

.emotion-2 {
  height: -webkit-fit-content!important;
  height: -moz-fit-content!important;
  height: fit-content!important;
  min-height: 32px;
}

<div
  class="ant-row ant-form-item emotion-0"
  id="properties.prefixIcon: AccountBookFilled"
>
  <div
    class="ant-col ant-form-item-label ant-form-item-label-left emotion-1 ant-col-xs-24 ant-col-sm-24"
  >
    <label
      class="emotion-2"
      for="properties.prefixIcon: AccountBookFilled_input"
      title="properties.prefixIcon: AccountBookFilled"
    >
      <span
        class="emotion-3"
      >
        properties.prefixIcon: AccountBookFilled
      </span>
    </label>
  </div>
  <div
    class="ant-col ant-form-item-control ant-col-xs-24 ant-col-sm-24"
  >
    <div
      class="ant-form-item-control-input"
    >
      <div
        class="ant-form-item-control-input-content"
      >
        <span
          class="ant-input-affix-wrapper emotion-3"
        >
          <span
            class="ant-input-prefix"
          >
            <svg
              class="emotion-3"
              data-testid="AiOutlineExclamationCircle"
              id="properties.prefixIcon: AccountBookFilled_prefixIcon"
            />
          </span>
          <input
            class="ant-input"
            id="properties.prefixIcon: AccountBookFilled_input"
            type="text"
            value=""
          />
        </span>
      </div>
    </div>
  </div>
</div>
`;

exports[`Render properties.size: large - value[0] 1`] = `
.emotion-0 {
  margin-bottom: 0;
}

.emotion-1 {
  white-space: normal;
  margin-bottom: 8px;
}

.emotion-2 {
  height: -webkit-fit-content!important;
  height: -moz-fit-content!important;
  height: fit-content!important;
  min-height: 40px;
}

<div
  class="ant-row ant-form-item emotion-0"
  id="properties.size: large"
>
  <div
    class="ant-col ant-form-item-label ant-form-item-label-left emotion-1 ant-col-xs-24 ant-col-sm-24"
  >
    <label
      class="emotion-2"
      for="properties.size: large_input"
      title="properties.size: large"
    >
      <span
        class="emotion-3"
      >
        properties.size: large
      </span>
    </label>
  </div>
  <div
    class="ant-col ant-form-item-control ant-col-xs-24 ant-col-sm-24"
  >
    <div
      class="ant-form-item-control-input"
    >
      <div
        class="ant-form-item-control-input-content"
      >
        <input
          class="ant-input ant-input-lg emotion-3"
          id="properties.size: large_input"
          type="text"
          value=""
        />
      </div>
    </div>
  </div>
</div>
`;

exports[`Render properties.size: small - value[0] 1`] = `
.emotion-0 {
  margin-bottom: 0;
}

.emotion-1 {
  white-space: normal;
  margin-bottom: 0;
}

.emotion-2 {
  height: -webkit-fit-content!important;
  height: -moz-fit-content!important;
  height: fit-content!important;
  min-height: 24px;
}

<div
  class="ant-row ant-form-item emotion-0"
  id="properties.size: small"
>
  <div
    class="ant-col ant-form-item-label ant-form-item-label-left emotion-1 ant-col-xs-24 ant-col-sm-24"
  >
    <label
      class="emotion-2"
      for="properties.size: small_input"
      title="properties.size: small"
    >
      <span
        class="emotion-3"
      >
        properties.size: small
      </span>
    </label>
  </div>
  <div
    class="ant-col ant-form-item-control ant-col-xs-24 ant-col-sm-24"
  >
    <div
      class="ant-form-item-control-input"
    >
      <div
        class="ant-form-item-control-input-content"
      >
        <input
          class="ant-input ant-input-sm emotion-3"
          id="properties.size: small_input"
          type="text"
          value=""
        />
      </div>
    </div>
  </div>
</div>
`;

exports[`Render properties.suffix: Suffix to the text - value[0] 1`] = `
.emotion-0 {
  margin-bottom: 0;
}

.emotion-1 {
  white-space: normal;
  margin-bottom: 8px;
}

.emotion-2 {
  height: -webkit-fit-content!important;
  height: -moz-fit-content!important;
  height: fit-content!important;
  min-height: 32px;
}

<div
  class="ant-row ant-form-item emotion-0"
  id="properties.suffix: Suffix to the text"
>
  <div
    class="ant-col ant-form-item-label ant-form-item-label-left emotion-1 ant-col-xs-24 ant-col-sm-24"
  >
    <label
      class="emotion-2"
      for="properties.suffix: Suffix to the text_input"
      title="properties.suffix: Suffix to the text"
    >
      <span
        class="emotion-3"
      >
        properties.suffix: Suffix to the text
      </span>
    </label>
  </div>
  <div
    class="ant-col ant-form-item-control ant-col-xs-24 ant-col-sm-24"
  >
    <div
      class="ant-form-item-control-input"
    >
      <div
        class="ant-form-item-control-input-content"
      >
        <span
          class="ant-input-affix-wrapper emotion-3"
        >
          <input
            class="ant-input"
            id="properties.suffix: Suffix to the text_input"
            type="text"
            value=""
          />
          <span
            class="ant-input-suffix"
          >
            Suffix to the text
          </span>
        </span>
      </div>
    </div>
  </div>
</div>
`;

exports[`Render properties.suffixIcon.size 24 - value[0] 1`] = `
.emotion-0 {
  margin-bottom: 0;
}

.emotion-1 {
  white-space: normal;
  margin-bottom: 8px;
}

.emotion-2 {
  height: -webkit-fit-content!important;
  height: -moz-fit-content!important;
  height: fit-content!important;
  min-height: 32px;
}

<div
  class="ant-row ant-form-item emotion-0"
  id="properties.suffixIcon.size 24"
>
  <div
    class="ant-col ant-form-item-label ant-form-item-label-left emotion-1 ant-col-xs-24 ant-col-sm-24"
  >
    <label
      class="emotion-2"
      for="properties.suffixIcon.size 24_input"
      title="properties.suffixIcon.size 24"
    >
      <span
        class="emotion-3"
      >
        properties.suffixIcon.size 24
      </span>
    </label>
  </div>
  <div
    class="ant-col ant-form-item-control ant-col-xs-24 ant-col-sm-24"
  >
    <div
      class="ant-form-item-control-input"
    >
      <div
        class="ant-form-item-control-input-content"
      >
        <span
          class="ant-input-affix-wrapper emotion-3"
        >
          <input
            class="ant-input"
            id="properties.suffixIcon.size 24_input"
            type="text"
            value=""
          />
          <span
            class="ant-input-suffix"
          >
            <svg
              class="emotion-3"
              data-testid="AiOutlineExclamationCircle"
              id="properties.suffixIcon.size 24_suffixIcon"
              size="24"
            />
          </span>
        </span>
      </div>
    </div>
  </div>
</div>
`;

exports[`Render properties.suffixIcon: AlertFilled - value[0] 1`] = `
.emotion-0 {
  margin-bottom: 0;
}

.emotion-1 {
  white-space: normal;
  margin-bottom: 8px;
}

.emotion-2 {
  height: -webkit-fit-content!important;
  height: -moz-fit-content!important;
  height: fit-content!important;
  min-height: 32px;
}

<div
  class="ant-row ant-form-item emotion-0"
  id="properties.suffixIcon: AlertFilled"
>
  <div
    class="ant-col ant-form-item-label ant-form-item-label-left emotion-1 ant-col-xs-24 ant-col-sm-24"
  >
    <label
      class="emotion-2"
      for="properties.suffixIcon: AlertFilled_input"
      title="properties.suffixIcon: AlertFilled"
    >
      <span
        class="emotion-3"
      >
        properties.suffixIcon: AlertFilled
      </span>
    </label>
  </div>
  <div
    class="ant-col ant-form-item-control ant-col-xs-24 ant-col-sm-24"
  >
    <div
      class="ant-form-item-control-input"
    >
      <div
        class="ant-form-item-control-input-content"
      >
        <span
          class="ant-input-affix-wrapper emotion-3"
        >
          <input
            class="ant-input"
            id="properties.suffixIcon: AlertFilled_input"
            type="text"
            value=""
          />
          <span
            class="ant-input-suffix"
          >
            <svg
              class="emotion-3"
              data-testid="AiOutlineExclamationCircle"
              id="properties.suffixIcon: AlertFilled_suffixIcon"
            />
          </span>
        </span>
      </div>
    </div>
  </div>
</div>
`;

exports[`Render properties.title: My TextInput Title - value[0] 1`] = `
.emotion-0 {
  margin-bottom: 0;
}

.emotion-1 {
  white-space: normal;
  margin-bottom: 8px;
}

.emotion-2 {
  height: -webkit-fit-content!important;
  height: -moz-fit-content!important;
  height: fit-content!important;
  min-height: 32px;
}

<div
  class="ant-row ant-form-item emotion-0"
  id="properties.title: My TextInput Title"
>
  <div
    class="ant-col ant-form-item-label ant-form-item-label-left emotion-1 ant-col-xs-24 ant-col-sm-24"
  >
    <label
      class="emotion-2"
      for="properties.title: My TextInput Title_input"
      title="My TextInput Title"
    >
      <span
        class="emotion-3"
      >
        My TextInput Title
      </span>
    </label>
  </div>
  <div
    class="ant-col ant-form-item-control ant-col-xs-24 ant-col-sm-24"
  >
    <div
      class="ant-form-item-control-input"
    >
      <div
        class="ant-form-item-control-input-content"
      >
        <input
          class="ant-input emotion-3"
          id="properties.title: My TextInput Title_input"
          type="text"
          value=""
        />
      </div>
    </div>
  </div>
</div>
`;

exports[`Test Schema default 1`] = `true`;

exports[`Test Schema default 2`] = `null`;

exports[`Test Schema properties.allowClear: false 1`] = `true`;

exports[`Test Schema properties.allowClear: false 2`] = `null`;

exports[`Test Schema properties.autoFocus: true 1`] = `true`;

exports[`Test Schema properties.autoFocus: true 2`] = `null`;

exports[`Test Schema properties.bordered: false 1`] = `true`;

exports[`Test Schema properties.bordered: false 2`] = `null`;

exports[`Test Schema properties.disabled: true 1`] = `true`;

exports[`Test Schema properties.disabled: true 2`] = `null`;

exports[`Test Schema properties.label align: right 1`] = `true`;

exports[`Test Schema properties.label align: right 2`] = `null`;

exports[`Test Schema properties.label colon: false 1`] = `true`;

exports[`Test Schema properties.label colon: false 2`] = `null`;

exports[`Test Schema properties.label disabled: true 1`] = `true`;

exports[`Test Schema properties.label disabled: true 2`] = `null`;

exports[`Test Schema properties.label extra: showing extra 1`] = `true`;

exports[`Test Schema properties.label extra: showing extra 2`] = `null`;

exports[`Test Schema properties.label inline: true 1`] = `true`;

exports[`Test Schema properties.label inline: true 2`] = `null`;

exports[`Test Schema properties.label span: 12 1`] = `true`;

exports[`Test Schema properties.label span: 12 2`] = `null`;

exports[`Test Schema properties.maxLength: 4 1`] = `true`;

exports[`Test Schema properties.maxLength: 4 2`] = `null`;

exports[`Test Schema properties.placeholder: Type your text here 1`] = `true`;

exports[`Test Schema properties.placeholder: Type your text here 2`] = `null`;

exports[`Test Schema properties.prefix: Prefix to the text 1`] = `true`;

exports[`Test Schema properties.prefix: Prefix to the text 2`] = `null`;

exports[`Test Schema properties.prefixIcon.size: 24 1`] = `true`;

exports[`Test Schema properties.prefixIcon.size: 24 2`] = `null`;

exports[`Test Schema properties.prefixIcon: AccountBookFilled 1`] = `true`;

exports[`Test Schema properties.prefixIcon: AccountBookFilled 2`] = `null`;

exports[`Test Schema properties.size: large 1`] = `true`;

exports[`Test Schema properties.size: large 2`] = `null`;

exports[`Test Schema properties.size: small 1`] = `true`;

exports[`Test Schema properties.size: small 2`] = `null`;

exports[`Test Schema properties.suffix: Suffix to the text 1`] = `true`;

exports[`Test Schema properties.suffix: Suffix to the text 2`] = `null`;

exports[`Test Schema properties.suffixIcon.size 24 1`] = `true`;

exports[`Test Schema properties.suffixIcon.size 24 2`] = `null`;

exports[`Test Schema properties.suffixIcon: AlertFilled 1`] = `true`;

exports[`Test Schema properties.suffixIcon: AlertFilled 2`] = `null`;

exports[`Test Schema properties.title: My TextInput Title 1`] = `true`;

exports[`Test Schema properties.title: My TextInput Title 2`] = `null`;
