// Jest Snapshot v1, https://goo.gl/fbAQLP

exports[`Test Schema default 1`] = `true`;

exports[`Test Schema default 2`] = `null`;

exports[`Test Schema properties.bottom: 250 placement: bottomLeft 1`] = `true`;

exports[`Test Schema properties.bottom: 250 placement: bottomLeft 2`] = `null`;

exports[`Test Schema properties.button: icon 1`] = `true`;

exports[`Test Schema properties.button: icon 2`] = `null`;

exports[`Test Schema properties.closeIcon: AlertOutlined 1`] = `true`;

exports[`Test Schema properties.closeIcon: AlertOutlined 2`] = `null`;

exports[`Test Schema properties.description: 1`] = `true`;

exports[`Test Schema properties.description: 2`] = `null`;

exports[`Test Schema properties.duration: 6 1`] = `true`;

exports[`Test Schema properties.duration: 6 2`] = `null`;

exports[`Test Schema properties.icon 1`] = `true`;

exports[`Test Schema properties.icon 2`] = `null`;

exports[`Test Schema properties.message 1`] = `true`;

exports[`Test Schema properties.message 2`] = `null`;

exports[`Test Schema properties.placement: bottomLeft 1`] = `true`;

exports[`Test Schema properties.placement: bottomLeft 2`] = `null`;

exports[`Test Schema properties.placement: bottomRight 1`] = `true`;

exports[`Test Schema properties.placement: bottomRight 2`] = `null`;

exports[`Test Schema properties.placement: topLeft 1`] = `true`;

exports[`Test Schema properties.placement: topLeft 2`] = `null`;

exports[`Test Schema properties.status: error 1`] = `true`;

exports[`Test Schema properties.status: error 2`] = `null`;

exports[`Test Schema properties.status: info 1`] = `true`;

exports[`Test Schema properties.status: info 2`] = `null`;

exports[`Test Schema properties.status: warning 1`] = `true`;

exports[`Test Schema properties.status: warning 2`] = `null`;

exports[`Test Schema properties.top: 250 placement: topLeft 1`] = `true`;

exports[`Test Schema properties.top: 250 placement: topLeft 2`] = `null`;

exports[`Test Schema with description uses html 1`] = `true`;

exports[`Test Schema with description uses html 2`] = `null`;

exports[`Test Schema with message uses html 1`] = `true`;

exports[`Test Schema with message uses html 2`] = `null`;
