// Jest Snapshot v1, https://goo.gl/fbAQLP

exports[`Mock render - areas.content - value[0] - Footer 1`] = `Array []`;

exports[`Mock render - default - value[0] - Footer 1`] = `Array []`;

exports[`Mock render - properties.style - value[0] - Footer 1`] = `Array []`;
