// Jest Snapshot v1, https://goo.gl/fbAQLP

exports[`Test Schema default 1`] = `true`;

exports[`Test Schema default 2`] = `null`;

exports[`Test Schema properties.content 1`] = `true`;

exports[`Test Schema properties.content 2`] = `null`;

exports[`Test Schema properties.duration 1`] = `true`;

exports[`Test Schema properties.duration 2`] = `null`;

exports[`Test Schema properties.icon 1`] = `true`;

exports[`Test Schema properties.icon 2`] = `null`;

exports[`Test Schema properties.status: error 1`] = `true`;

exports[`Test Schema properties.status: error 2`] = `null`;

exports[`Test Schema properties.status: info 1`] = `true`;

exports[`Test Schema properties.status: info 2`] = `null`;

exports[`Test Schema properties.status: loading 1`] = `true`;

exports[`Test Schema properties.status: loading 2`] = `null`;

exports[`Test Schema properties.status: warning 1`] = `true`;

exports[`Test Schema properties.status: warning 2`] = `null`;

exports[`Test Schema with html content 1`] = `true`;

exports[`Test Schema with html content 2`] = `null`;
