// Jest Snapshot v1, https://goo.gl/fbAQLP

exports[`Test Schema areas.extra: 1`] = `true`;

exports[`Test Schema areas.extra: 2`] = `null`;

exports[`Test Schema default 1`] = `true`;

exports[`Test Schema default 2`] = `null`;

exports[`Test Schema properties.closable: false 1`] = `true`;

exports[`Test Schema properties.closable: false 2`] = `null`;

exports[`Test Schema properties.contentWrapperStyle: border: 10px solid green 1`] = `true`;

exports[`Test Schema properties.contentWrapperStyle: border: 10px solid green 2`] = `null`;

exports[`Test Schema properties.height: 500 placement: top 1`] = `true`;

exports[`Test Schema properties.height: 500 placement: top 2`] = `null`;

exports[`Test Schema properties.keyboard: false 1`] = `true`;

exports[`Test Schema properties.keyboard: false 2`] = `null`;

exports[`Test Schema properties.mask 1`] = `true`;

exports[`Test Schema properties.mask 2`] = `null`;

exports[`Test Schema properties.maskClosable: false 1`] = `true`;

exports[`Test Schema properties.maskClosable: false 2`] = `null`;

exports[`Test Schema properties.placement: bottom 1`] = `true`;

exports[`Test Schema properties.placement: bottom 2`] = `null`;

exports[`Test Schema properties.placement: left 1`] = `true`;

exports[`Test Schema properties.placement: left 2`] = `null`;

exports[`Test Schema properties.placement: top 1`] = `true`;

exports[`Test Schema properties.placement: top 2`] = `null`;

exports[`Test Schema properties.title 1`] = `true`;

exports[`Test Schema properties.title 2`] = `null`;

exports[`Test Schema properties.width: 500 1`] = `true`;

exports[`Test Schema properties.width: 500 2`] = `null`;

exports[`Test Schema properties.zIndex: 1100 1`] = `true`;

exports[`Test Schema properties.zIndex: 1100 2`] = `null`;
